***** Format Files ******
copy file:/opt/job/query/query/query.pdb
***** End Format Files ******
***** JET analysis ******
Alignment file:/opt/job/query/query/query_A.fasta
Analysis of sequence: A
format ok
Selected 2593 sequences before filtering
Filtering sequences (Iteration 1):
  -Identity: Removed 0 seqs
  -Redundancy: Removed 0 seqs
  -Similar names: Removed 0 seqs
  -Gaps: Removed 0 seqs
  -Length: Removed 0 seqs
  -EValue: Removed 0 seqs
  -CPU Load: Removed 0 seqs
Selected 2593 after filtering
Filtering sequences (Iteration 2):
  -Identity: Removed 10 seqs
  -Redundancy: Removed 0 seqs
  -Similar names: Removed 0 seqs
  -Gaps: Removed 0 seqs
  -Length: Removed 0 seqs
  -EValue: Removed 0 seqs
  -CPU Load: Removed 1252 seqs
Selected 1331 after filtering
Nb alignments:36 Nb sequences:36
Final iterated blast partition:0 3 664 664
proportion=0.5
selected partition: 0 1 18 17
**********write**********
Command: /usr/bin/muscle -in /opt/job/query/query/query_0.fasta -clw -out /opt/job/query/query/query_0.aln
Exit value: 0
**********write**********
Command: /usr/bin/muscle -in /opt/job/query/query/query_1.fasta -clw -out /opt/job/query/query/query_1.aln
Exit value: 0
**********write**********
Command: /usr/bin/muscle -in /opt/job/query/query/query_2.fasta -clw -out /opt/job/query/query/query_2.aln
Exit value: 0
**********write**********
Command: /usr/bin/muscle -in /opt/job/query/query/query_3.fasta -clw -out /opt/job/query/query/query_3.aln
Exit value: 0
**********write**********
Command: /usr/bin/muscle -in /opt/job/query/query/query_4.fasta -clw -out /opt/job/query/query/query_4.aln
Exit value: 0
**********write**********
Command: /usr/bin/muscle -in /opt/job/query/query/query_5.fasta -clw -out /opt/job/query/query/query_5.aln
Exit value: 0
**********write**********
Command: /usr/bin/muscle -in /opt/job/query/query/query_6.fasta -clw -out /opt/job/query/query/query_6.aln
Exit value: 0
**********write**********
Command: /usr/bin/muscle -in /opt/job/query/query/query_7.fasta -clw -out /opt/job/query/query/query_7.aln
Exit value: 0
**********write**********
Command: /usr/bin/muscle -in /opt/job/query/query/query_8.fasta -clw -out /opt/job/query/query/query_8.aln
Exit value: 0
**********write**********
Command: /usr/bin/muscle -in /opt/job/query/query/query_9.fasta -clw -out /opt/job/query/query/query_9.aln
Exit value: 0
**********write**********
Command: /usr/bin/muscle -in /opt/job/query/query/query_10.fasta -clw -out /opt/job/query/query/query_10.aln
Exit value: 0
**********write**********
Command: /usr/bin/muscle -in /opt/job/query/query/query_11.fasta -clw -out /opt/job/query/query/query_11.aln
Exit value: 0
**********write**********
Command: /usr/bin/muscle -in /opt/job/query/query/query_12.fasta -clw -out /opt/job/query/query/query_12.aln
Exit value: 0
**********write**********
Command: /usr/bin/muscle -in /opt/job/query/query/query_13.fasta -clw -out /opt/job/query/query/query_13.aln
Exit value: 0
**********write**********
Command: /usr/bin/muscle -in /opt/job/query/query/query_14.fasta -clw -out /opt/job/query/query/query_14.aln
Exit value: 0
**********write**********
Command: /usr/bin/muscle -in /opt/job/query/query/query_15.fasta -clw -out /opt/job/query/query/query_15.aln
Exit value: 0
**********write**********
Command: /usr/bin/muscle -in /opt/job/query/query/query_16.fasta -clw -out /opt/job/query/query/query_16.aln
Exit value: 0
**********write**********
Command: /usr/bin/muscle -in /opt/job/query/query/query_17.fasta -clw -out /opt/job/query/query/query_17.aln
Exit value: 0
**********write**********
Command: /usr/bin/muscle -in /opt/job/query/query/query_18.fasta -clw -out /opt/job/query/query/query_18.aln
Exit value: 0
**********write**********
Command: /usr/bin/muscle -in /opt/job/query/query/query_19.fasta -clw -out /opt/job/query/query/query_19.aln
Exit value: 0
**********write**********
Command: /usr/bin/muscle -in /opt/job/query/query/query_20.fasta -clw -out /opt/job/query/query/query_20.aln
Exit value: 0
**********write**********
Command: /usr/bin/muscle -in /opt/job/query/query/query_21.fasta -clw -out /opt/job/query/query/query_21.aln
Exit value: 0
**********write**********
Command: /usr/bin/muscle -in /opt/job/query/query/query_22.fasta -clw -out /opt/job/query/query/query_22.aln
Exit value: 0
**********write**********
Command: /usr/bin/muscle -in /opt/job/query/query/query_23.fasta -clw -out /opt/job/query/query/query_23.aln
Exit value: 0
**********write**********
Command: /usr/bin/muscle -in /opt/job/query/query/query_24.fasta -clw -out /opt/job/query/query/query_24.aln
Exit value: 0
**********write**********
Command: /usr/bin/muscle -in /opt/job/query/query/query_25.fasta -clw -out /opt/job/query/query/query_25.aln
Exit value: 0
**********write**********
Command: /usr/bin/muscle -in /opt/job/query/query/query_26.fasta -clw -out /opt/job/query/query/query_26.aln
Exit value: 0
**********write**********
Command: /usr/bin/muscle -in /opt/job/query/query/query_27.fasta -clw -out /opt/job/query/query/query_27.aln
Exit value: 0
**********write**********
Command: /usr/bin/muscle -in /opt/job/query/query/query_28.fasta -clw -out /opt/job/query/query/query_28.aln
Exit value: 0
**********write**********
Command: /usr/bin/muscle -in /opt/job/query/query/query_29.fasta -clw -out /opt/job/query/query/query_29.aln
Exit value: 0
**********write**********
Command: /usr/bin/muscle -in /opt/job/query/query/query_30.fasta -clw -out /opt/job/query/query/query_30.aln
Exit value: 0
**********write**********
Command: /usr/bin/muscle -in /opt/job/query/query/query_31.fasta -clw -out /opt/job/query/query/query_31.aln
Exit value: 0
**********write**********
Command: /usr/bin/muscle -in /opt/job/query/query/query_32.fasta -clw -out /opt/job/query/query/query_32.aln
Exit value: 0
**********write**********
Command: /usr/bin/muscle -in /opt/job/query/query/query_33.fasta -clw -out /opt/job/query/query/query_33.aln
Exit value: 0
**********write**********
Command: /usr/bin/muscle -in /opt/job/query/query/query_34.fasta -clw -out /opt/job/query/query/query_34.aln
Exit value: 0
**********write**********
Command: /usr/bin/muscle -in /opt/job/query/query/query_35.fasta -clw -out /opt/job/query/query/query_35.aln
Exit value: 0


***** End JET analysis ******
***** JET analysis ******
Alignment file:/opt/job/query/query/query_A.fasta
Analysis of sequence: A
format ok
Selected 1331 sequences before filtering
Filtering sequences (Iteration 1):
  -Identity: Removed 0 seqs
  -Redundancy: Removed 0 seqs
  -Similar names: Removed 0 seqs
  -Gaps: Removed 0 seqs
  -Length: Removed 0 seqs
  -EValue: Removed 0 seqs
  -CPU Load: Removed 0 seqs
Selected 1331 after filtering
Filtering sequences (Iteration 2):
  -Identity: Removed 0 seqs
  -Redundancy: Removed 0 seqs
  -Similar names: Removed 0 seqs
  -Gaps: Removed 0 seqs
  -Length: Removed 0 seqs
  -EValue: Removed 0 seqs
  -CPU Load: Removed 0 seqs
Selected 1331 after filtering
Nb alignments:36 Nb sequences:36
Final iterated blast partition:0 3 664 664
proportion=0.5
selected partition: 0 1 18 17
**********write**********
Command: /usr/bin/muscle -in /opt/job/query/query/query_0.fasta -clw -out /opt/job/query/query/query_0.aln
Exit value: 0
**********write**********
Command: /usr/bin/muscle -in /opt/job/query/query/query_1.fasta -clw -out /opt/job/query/query/query_1.aln
Exit value: 0
**********write**********
Command: /usr/bin/muscle -in /opt/job/query/query/query_2.fasta -clw -out /opt/job/query/query/query_2.aln
Exit value: 0
**********write**********
Command: /usr/bin/muscle -in /opt/job/query/query/query_3.fasta -clw -out /opt/job/query/query/query_3.aln
Exit value: 0
**********write**********
Command: /usr/bin/muscle -in /opt/job/query/query/query_4.fasta -clw -out /opt/job/query/query/query_4.aln
Exit value: 0
**********write**********
Command: /usr/bin/muscle -in /opt/job/query/query/query_5.fasta -clw -out /opt/job/query/query/query_5.aln
Exit value: 0
**********write**********
Command: /usr/bin/muscle -in /opt/job/query/query/query_6.fasta -clw -out /opt/job/query/query/query_6.aln
Exit value: 0
**********write**********
Command: /usr/bin/muscle -in /opt/job/query/query/query_7.fasta -clw -out /opt/job/query/query/query_7.aln
Exit value: 0
**********write**********
Command: /usr/bin/muscle -in /opt/job/query/query/query_8.fasta -clw -out /opt/job/query/query/query_8.aln
Exit value: 0
**********write**********
Command: /usr/bin/muscle -in /opt/job/query/query/query_9.fasta -clw -out /opt/job/query/query/query_9.aln
Exit value: 0
**********write**********
Command: /usr/bin/muscle -in /opt/job/query/query/query_10.fasta -clw -out /opt/job/query/query/query_10.aln
Exit value: 0
**********write**********
Command: /usr/bin/muscle -in /opt/job/query/query/query_11.fasta -clw -out /opt/job/query/query/query_11.aln
Exit value: 0
**********write**********
Command: /usr/bin/muscle -in /opt/job/query/query/query_12.fasta -clw -out /opt/job/query/query/query_12.aln
Exit value: 0
**********write**********
Command: /usr/bin/muscle -in /opt/job/query/query/query_13.fasta -clw -out /opt/job/query/query/query_13.aln
Exit value: 0
**********write**********
Command: /usr/bin/muscle -in /opt/job/query/query/query_14.fasta -clw -out /opt/job/query/query/query_14.aln
Exit value: 0
**********write**********
Command: /usr/bin/muscle -in /opt/job/query/query/query_15.fasta -clw -out /opt/job/query/query/query_15.aln
Exit value: 0
**********write**********
Command: /usr/bin/muscle -in /opt/job/query/query/query_16.fasta -clw -out /opt/job/query/query/query_16.aln
Exit value: 0
**********write**********
Command: /usr/bin/muscle -in /opt/job/query/query/query_17.fasta -clw -out /opt/job/query/query/query_17.aln
Exit value: 0
**********write**********
Command: /usr/bin/muscle -in /opt/job/query/query/query_18.fasta -clw -out /opt/job/query/query/query_18.aln
Exit value: 0
**********write**********
Command: /usr/bin/muscle -in /opt/job/query/query/query_19.fasta -clw -out /opt/job/query/query/query_19.aln
Exit value: 0
**********write**********
Command: /usr/bin/muscle -in /opt/job/query/query/query_20.fasta -clw -out /opt/job/query/query/query_20.aln
Exit value: 0
**********write**********
Command: /usr/bin/muscle -in /opt/job/query/query/query_21.fasta -clw -out /opt/job/query/query/query_21.aln
Exit value: 0
**********write**********
Command: /usr/bin/muscle -in /opt/job/query/query/query_22.fasta -clw -out /opt/job/query/query/query_22.aln
Exit value: 0
**********write**********
Command: /usr/bin/muscle -in /opt/job/query/query/query_23.fasta -clw -out /opt/job/query/query/query_23.aln
Exit value: 0
**********write**********
Command: /usr/bin/muscle -in /opt/job/query/query/query_24.fasta -clw -out /opt/job/query/query/query_24.aln
Exit value: 0
**********write**********
Command: /usr/bin/muscle -in /opt/job/query/query/query_25.fasta -clw -out /opt/job/query/query/query_25.aln
Exit value: 0
**********write**********
Command: /usr/bin/muscle -in /opt/job/query/query/query_26.fasta -clw -out /opt/job/query/query/query_26.aln
Exit value: 0
**********write**********
Command: /usr/bin/muscle -in /opt/job/query/query/query_27.fasta -clw -out /opt/job/query/query/query_27.aln
Exit value: 0
**********write**********
Command: /usr/bin/muscle -in /opt/job/query/query/query_28.fasta -clw -out /opt/job/query/query/query_28.aln
Exit value: 0
**********write**********
Command: /usr/bin/muscle -in /opt/job/query/query/query_29.fasta -clw -out /opt/job/query/query/query_29.aln
Exit value: 0
**********write**********
Command: /usr/bin/muscle -in /opt/job/query/query/query_30.fasta -clw -out /opt/job/query/query/query_30.aln
Exit value: 0
**********write**********
Command: /usr/bin/muscle -in /opt/job/query/query/query_31.fasta -clw -out /opt/job/query/query/query_31.aln
Exit value: 0
**********write**********
Command: /usr/bin/muscle -in /opt/job/query/query/query_32.fasta -clw -out /opt/job/query/query/query_32.aln
Exit value: 0
**********write**********
Command: /usr/bin/muscle -in /opt/job/query/query/query_33.fasta -clw -out /opt/job/query/query/query_33.aln
Exit value: 0
**********write**********
Command: /usr/bin/muscle -in /opt/job/query/query/query_34.fasta -clw -out /opt/job/query/query/query_34.aln
Exit value: 0
**********write**********
Command: /usr/bin/muscle -in /opt/job/query/query/query_35.fasta -clw -out /opt/job/query/query/query_35.aln
Exit value: 0


***** End JET analysis ******
***** JET analysis ******
Alignment file:/opt/job/query/query/query_A.fasta
Analysis of sequence: A
format ok
Selected 1331 sequences before filtering
Filtering sequences (Iteration 1):
  -Identity: Removed 0 seqs
  -Redundancy: Removed 0 seqs
  -Similar names: Removed 0 seqs
  -Gaps: Removed 0 seqs
  -Length: Removed 0 seqs
  -EValue: Removed 0 seqs
  -CPU Load: Removed 0 seqs
Selected 1331 after filtering
Filtering sequences (Iteration 2):
  -Identity: Removed 0 seqs
  -Redundancy: Removed 0 seqs
  -Similar names: Removed 0 seqs
  -Gaps: Removed 0 seqs
  -Length: Removed 0 seqs
  -EValue: Removed 0 seqs
  -CPU Load: Removed 0 seqs
Selected 1331 after filtering
Nb alignments:36 Nb sequences:36
Final iterated blast partition:0 3 664 664
proportion=0.5
selected partition: 0 1 18 17
**********write**********
Command: /usr/bin/muscle -in /opt/job/query/query/query_0.fasta -clw -out /opt/job/query/query/query_0.aln
Exit value: 0
**********write**********
Command: /usr/bin/muscle -in /opt/job/query/query/query_1.fasta -clw -out /opt/job/query/query/query_1.aln
Exit value: 0
**********write**********
Command: /usr/bin/muscle -in /opt/job/query/query/query_2.fasta -clw -out /opt/job/query/query/query_2.aln
Exit value: 0
**********write**********
Command: /usr/bin/muscle -in /opt/job/query/query/query_3.fasta -clw -out /opt/job/query/query/query_3.aln
Exit value: 0
**********write**********
Command: /usr/bin/muscle -in /opt/job/query/query/query_4.fasta -clw -out /opt/job/query/query/query_4.aln
Exit value: 0
**********write**********
Command: /usr/bin/muscle -in /opt/job/query/query/query_5.fasta -clw -out /opt/job/query/query/query_5.aln
Exit value: 0
**********write**********
Command: /usr/bin/muscle -in /opt/job/query/query/query_6.fasta -clw -out /opt/job/query/query/query_6.aln
Exit value: 0
**********write**********
Command: /usr/bin/muscle -in /opt/job/query/query/query_7.fasta -clw -out /opt/job/query/query/query_7.aln
Exit value: 0
**********write**********
Command: /usr/bin/muscle -in /opt/job/query/query/query_8.fasta -clw -out /opt/job/query/query/query_8.aln
Exit value: 0
**********write**********
Command: /usr/bin/muscle -in /opt/job/query/query/query_9.fasta -clw -out /opt/job/query/query/query_9.aln
Exit value: 0
**********write**********
Command: /usr/bin/muscle -in /opt/job/query/query/query_10.fasta -clw -out /opt/job/query/query/query_10.aln
Exit value: 0
**********write**********
Command: /usr/bin/muscle -in /opt/job/query/query/query_11.fasta -clw -out /opt/job/query/query/query_11.aln
Exit value: 0
**********write**********
Command: /usr/bin/muscle -in /opt/job/query/query/query_12.fasta -clw -out /opt/job/query/query/query_12.aln
Exit value: 0
**********write**********
Command: /usr/bin/muscle -in /opt/job/query/query/query_13.fasta -clw -out /opt/job/query/query/query_13.aln
Exit value: 0
**********write**********
Command: /usr/bin/muscle -in /opt/job/query/query/query_14.fasta -clw -out /opt/job/query/query/query_14.aln
Exit value: 0
**********write**********
Command: /usr/bin/muscle -in /opt/job/query/query/query_15.fasta -clw -out /opt/job/query/query/query_15.aln
Exit value: 0
**********write**********
Command: /usr/bin/muscle -in /opt/job/query/query/query_16.fasta -clw -out /opt/job/query/query/query_16.aln
Exit value: 0
**********write**********
Command: /usr/bin/muscle -in /opt/job/query/query/query_17.fasta -clw -out /opt/job/query/query/query_17.aln
Exit value: 0
**********write**********
Command: /usr/bin/muscle -in /opt/job/query/query/query_18.fasta -clw -out /opt/job/query/query/query_18.aln
Exit value: 0
**********write**********
Command: /usr/bin/muscle -in /opt/job/query/query/query_19.fasta -clw -out /opt/job/query/query/query_19.aln
Exit value: 0
**********write**********
Command: /usr/bin/muscle -in /opt/job/query/query/query_20.fasta -clw -out /opt/job/query/query/query_20.aln
Exit value: 0
**********write**********
Command: /usr/bin/muscle -in /opt/job/query/query/query_21.fasta -clw -out /opt/job/query/query/query_21.aln
Exit value: 0
**********write**********
Command: /usr/bin/muscle -in /opt/job/query/query/query_22.fasta -clw -out /opt/job/query/query/query_22.aln
Exit value: 0
**********write**********
Command: /usr/bin/muscle -in /opt/job/query/query/query_23.fasta -clw -out /opt/job/query/query/query_23.aln
Exit value: 0
**********write**********
Command: /usr/bin/muscle -in /opt/job/query/query/query_24.fasta -clw -out /opt/job/query/query/query_24.aln
Exit value: 0
**********write**********
Command: /usr/bin/muscle -in /opt/job/query/query/query_25.fasta -clw -out /opt/job/query/query/query_25.aln
Exit value: 0
**********write**********
Command: /usr/bin/muscle -in /opt/job/query/query/query_26.fasta -clw -out /opt/job/query/query/query_26.aln
Exit value: 0
**********write**********
Command: /usr/bin/muscle -in /opt/job/query/query/query_27.fasta -clw -out /opt/job/query/query/query_27.aln
Exit value: 0
**********write**********
Command: /usr/bin/muscle -in /opt/job/query/query/query_28.fasta -clw -out /opt/job/query/query/query_28.aln
Exit value: 0
**********write**********
Command: /usr/bin/muscle -in /opt/job/query/query/query_29.fasta -clw -out /opt/job/query/query/query_29.aln
Exit value: 0
**********write**********
Command: /usr/bin/muscle -in /opt/job/query/query/query_30.fasta -clw -out /opt/job/query/query/query_30.aln
Exit value: 0
**********write**********
Command: /usr/bin/muscle -in /opt/job/query/query/query_31.fasta -clw -out /opt/job/query/query/query_31.aln
Exit value: 0
**********write**********
Command: /usr/bin/muscle -in /opt/job/query/query/query_32.fasta -clw -out /opt/job/query/query/query_32.aln
Exit value: 0
**********write**********
Command: /usr/bin/muscle -in /opt/job/query/query/query_33.fasta -clw -out /opt/job/query/query/query_33.aln
Exit value: 0
**********write**********
Command: /usr/bin/muscle -in /opt/job/query/query/query_34.fasta -clw -out /opt/job/query/query/query_34.aln
Exit value: 0
**********write**********
Command: /usr/bin/muscle -in /opt/job/query/query/query_35.fasta -clw -out /opt/job/query/query/query_35.aln
Exit value: 0


***** End JET analysis ******
***** JET analysis ******
Alignment file:/opt/job/query/query/query_A.fasta
Analysis of sequence: A
format ok
Selected 1331 sequences before filtering
Filtering sequences (Iteration 1):
  -Identity: Removed 0 seqs
  -Redundancy: Removed 0 seqs
  -Similar names: Removed 0 seqs
  -Gaps: Removed 0 seqs
  -Length: Removed 0 seqs
  -EValue: Removed 0 seqs
  -CPU Load: Removed 0 seqs
Selected 1331 after filtering
Filtering sequences (Iteration 2):
  -Identity: Removed 0 seqs
  -Redundancy: Removed 0 seqs
  -Similar names: Removed 0 seqs
  -Gaps: Removed 0 seqs
  -Length: Removed 0 seqs
  -EValue: Removed 0 seqs
  -CPU Load: Removed 0 seqs
Selected 1331 after filtering
Nb alignments:36 Nb sequences:36
Final iterated blast partition:0 3 664 664
proportion=0.5
selected partition: 0 1 18 17
**********write**********
Command: /usr/bin/muscle -in /opt/job/query/query/query_0.fasta -clw -out /opt/job/query/query/query_0.aln
Exit value: 0
**********write**********
Command: /usr/bin/muscle -in /opt/job/query/query/query_1.fasta -clw -out /opt/job/query/query/query_1.aln
Exit value: 0
**********write**********
Command: /usr/bin/muscle -in /opt/job/query/query/query_2.fasta -clw -out /opt/job/query/query/query_2.aln
Exit value: 0
**********write**********
Command: /usr/bin/muscle -in /opt/job/query/query/query_3.fasta -clw -out /opt/job/query/query/query_3.aln
Exit value: 0
**********write**********
Command: /usr/bin/muscle -in /opt/job/query/query/query_4.fasta -clw -out /opt/job/query/query/query_4.aln
Exit value: 0
**********write**********
Command: /usr/bin/muscle -in /opt/job/query/query/query_5.fasta -clw -out /opt/job/query/query/query_5.aln
Exit value: 0
**********write**********
Command: /usr/bin/muscle -in /opt/job/query/query/query_6.fasta -clw -out /opt/job/query/query/query_6.aln
Exit value: 0
**********write**********
Command: /usr/bin/muscle -in /opt/job/query/query/query_7.fasta -clw -out /opt/job/query/query/query_7.aln
Exit value: 0
**********write**********
Command: /usr/bin/muscle -in /opt/job/query/query/query_8.fasta -clw -out /opt/job/query/query/query_8.aln
Exit value: 0
**********write**********
Command: /usr/bin/muscle -in /opt/job/query/query/query_9.fasta -clw -out /opt/job/query/query/query_9.aln
Exit value: 0
**********write**********
Command: /usr/bin/muscle -in /opt/job/query/query/query_10.fasta -clw -out /opt/job/query/query/query_10.aln
Exit value: 0
**********write**********
Command: /usr/bin/muscle -in /opt/job/query/query/query_11.fasta -clw -out /opt/job/query/query/query_11.aln
Exit value: 0
**********write**********
Command: /usr/bin/muscle -in /opt/job/query/query/query_12.fasta -clw -out /opt/job/query/query/query_12.aln
Exit value: 0
**********write**********
Command: /usr/bin/muscle -in /opt/job/query/query/query_13.fasta -clw -out /opt/job/query/query/query_13.aln
Exit value: 0
**********write**********
Command: /usr/bin/muscle -in /opt/job/query/query/query_14.fasta -clw -out /opt/job/query/query/query_14.aln
Exit value: 0
**********write**********
Command: /usr/bin/muscle -in /opt/job/query/query/query_15.fasta -clw -out /opt/job/query/query/query_15.aln
Exit value: 0
**********write**********
Command: /usr/bin/muscle -in /opt/job/query/query/query_16.fasta -clw -out /opt/job/query/query/query_16.aln
Exit value: 0
**********write**********
Command: /usr/bin/muscle -in /opt/job/query/query/query_17.fasta -clw -out /opt/job/query/query/query_17.aln
Exit value: 0
**********write**********
Command: /usr/bin/muscle -in /opt/job/query/query/query_18.fasta -clw -out /opt/job/query/query/query_18.aln
Exit value: 0
**********write**********
Command: /usr/bin/muscle -in /opt/job/query/query/query_19.fasta -clw -out /opt/job/query/query/query_19.aln
Exit value: 0
**********write**********
Command: /usr/bin/muscle -in /opt/job/query/query/query_20.fasta -clw -out /opt/job/query/query/query_20.aln
Exit value: 0
**********write**********
Command: /usr/bin/muscle -in /opt/job/query/query/query_21.fasta -clw -out /opt/job/query/query/query_21.aln
Exit value: 0
**********write**********
Command: /usr/bin/muscle -in /opt/job/query/query/query_22.fasta -clw -out /opt/job/query/query/query_22.aln
Exit value: 0
**********write**********
Command: /usr/bin/muscle -in /opt/job/query/query/query_23.fasta -clw -out /opt/job/query/query/query_23.aln
Exit value: 0
**********write**********
Command: /usr/bin/muscle -in /opt/job/query/query/query_24.fasta -clw -out /opt/job/query/query/query_24.aln
Exit value: 0
**********write**********
Command: /usr/bin/muscle -in /opt/job/query/query/query_25.fasta -clw -out /opt/job/query/query/query_25.aln
Exit value: 0
**********write**********
Command: /usr/bin/muscle -in /opt/job/query/query/query_26.fasta -clw -out /opt/job/query/query/query_26.aln
Exit value: 0
**********write**********
Command: /usr/bin/muscle -in /opt/job/query/query/query_27.fasta -clw -out /opt/job/query/query/query_27.aln
Exit value: 0
**********write**********
Command: /usr/bin/muscle -in /opt/job/query/query/query_28.fasta -clw -out /opt/job/query/query/query_28.aln
Exit value: 0
**********write**********
Command: /usr/bin/muscle -in /opt/job/query/query/query_29.fasta -clw -out /opt/job/query/query/query_29.aln
Exit value: 0
**********write**********
Command: /usr/bin/muscle -in /opt/job/query/query/query_30.fasta -clw -out /opt/job/query/query/query_30.aln
Exit value: 0
**********write**********
Command: /usr/bin/muscle -in /opt/job/query/query/query_31.fasta -clw -out /opt/job/query/query/query_31.aln
Exit value: 0
**********write**********
Command: /usr/bin/muscle -in /opt/job/query/query/query_32.fasta -clw -out /opt/job/query/query/query_32.aln
Exit value: 0
**********write**********
Command: /usr/bin/muscle -in /opt/job/query/query/query_33.fasta -clw -out /opt/job/query/query/query_33.aln
Exit value: 0
**********write**********
Command: /usr/bin/muscle -in /opt/job/query/query/query_34.fasta -clw -out /opt/job/query/query/query_34.aln
Exit value: 0
**********write**********
Command: /usr/bin/muscle -in /opt/job/query/query/query_35.fasta -clw -out /opt/job/query/query/query_35.aln
Exit value: 0


***** End JET analysis ******
***** JET analysis ******
Alignment file:/opt/job/query/query/query_A.fasta
Analysis of sequence: A
format ok
Selected 1331 sequences before filtering
Filtering sequences (Iteration 1):
  -Identity: Removed 0 seqs
  -Redundancy: Removed 0 seqs
  -Similar names: Removed 0 seqs
  -Gaps: Removed 0 seqs
  -Length: Removed 0 seqs
  -EValue: Removed 0 seqs
  -CPU Load: Removed 0 seqs
Selected 1331 after filtering
Filtering sequences (Iteration 2):
  -Identity: Removed 0 seqs
  -Redundancy: Removed 0 seqs
  -Similar names: Removed 0 seqs
  -Gaps: Removed 0 seqs
  -Length: Removed 0 seqs
  -EValue: Removed 0 seqs
  -CPU Load: Removed 0 seqs
Selected 1331 after filtering
Nb alignments:36 Nb sequences:36
Final iterated blast partition:0 3 664 664
proportion=0.5
selected partition: 0 1 18 17
**********write**********
Command: /usr/bin/muscle -in /opt/job/query/query/query_0.fasta -clw -out /opt/job/query/query/query_0.aln
Exit value: 0
**********write**********
Command: /usr/bin/muscle -in /opt/job/query/query/query_1.fasta -clw -out /opt/job/query/query/query_1.aln
Exit value: 0
**********write**********
Command: /usr/bin/muscle -in /opt/job/query/query/query_2.fasta -clw -out /opt/job/query/query/query_2.aln
Exit value: 0
**********write**********
Command: /usr/bin/muscle -in /opt/job/query/query/query_3.fasta -clw -out /opt/job/query/query/query_3.aln
Exit value: 0
**********write**********
Command: /usr/bin/muscle -in /opt/job/query/query/query_4.fasta -clw -out /opt/job/query/query/query_4.aln
Exit value: 0
**********write**********
Command: /usr/bin/muscle -in /opt/job/query/query/query_5.fasta -clw -out /opt/job/query/query/query_5.aln
Exit value: 0
**********write**********
Command: /usr/bin/muscle -in /opt/job/query/query/query_6.fasta -clw -out /opt/job/query/query/query_6.aln
Exit value: 0
**********write**********
Command: /usr/bin/muscle -in /opt/job/query/query/query_7.fasta -clw -out /opt/job/query/query/query_7.aln
Exit value: 0
**********write**********
Command: /usr/bin/muscle -in /opt/job/query/query/query_8.fasta -clw -out /opt/job/query/query/query_8.aln
Exit value: 0
**********write**********
Command: /usr/bin/muscle -in /opt/job/query/query/query_9.fasta -clw -out /opt/job/query/query/query_9.aln
Exit value: 0
**********write**********
Command: /usr/bin/muscle -in /opt/job/query/query/query_10.fasta -clw -out /opt/job/query/query/query_10.aln
Exit value: 0
**********write**********
Command: /usr/bin/muscle -in /opt/job/query/query/query_11.fasta -clw -out /opt/job/query/query/query_11.aln
Exit value: 0
**********write**********
Command: /usr/bin/muscle -in /opt/job/query/query/query_12.fasta -clw -out /opt/job/query/query/query_12.aln
Exit value: 0
**********write**********
Command: /usr/bin/muscle -in /opt/job/query/query/query_13.fasta -clw -out /opt/job/query/query/query_13.aln
Exit value: 0
**********write**********
Command: /usr/bin/muscle -in /opt/job/query/query/query_14.fasta -clw -out /opt/job/query/query/query_14.aln
Exit value: 0
**********write**********
Command: /usr/bin/muscle -in /opt/job/query/query/query_15.fasta -clw -out /opt/job/query/query/query_15.aln
Exit value: 0
**********write**********
Command: /usr/bin/muscle -in /opt/job/query/query/query_16.fasta -clw -out /opt/job/query/query/query_16.aln
Exit value: 0
**********write**********
Command: /usr/bin/muscle -in /opt/job/query/query/query_17.fasta -clw -out /opt/job/query/query/query_17.aln
Exit value: 0
**********write**********
Command: /usr/bin/muscle -in /opt/job/query/query/query_18.fasta -clw -out /opt/job/query/query/query_18.aln
Exit value: 0
**********write**********
Command: /usr/bin/muscle -in /opt/job/query/query/query_19.fasta -clw -out /opt/job/query/query/query_19.aln
Exit value: 0
**********write**********
Command: /usr/bin/muscle -in /opt/job/query/query/query_20.fasta -clw -out /opt/job/query/query/query_20.aln
Exit value: 0
**********write**********
Command: /usr/bin/muscle -in /opt/job/query/query/query_21.fasta -clw -out /opt/job/query/query/query_21.aln
Exit value: 0
**********write**********
Command: /usr/bin/muscle -in /opt/job/query/query/query_22.fasta -clw -out /opt/job/query/query/query_22.aln
Exit value: 0
**********write**********
Command: /usr/bin/muscle -in /opt/job/query/query/query_23.fasta -clw -out /opt/job/query/query/query_23.aln
Exit value: 0
**********write**********
Command: /usr/bin/muscle -in /opt/job/query/query/query_24.fasta -clw -out /opt/job/query/query/query_24.aln
Exit value: 0
**********write**********
Command: /usr/bin/muscle -in /opt/job/query/query/query_25.fasta -clw -out /opt/job/query/query/query_25.aln
Exit value: 0
**********write**********
Command: /usr/bin/muscle -in /opt/job/query/query/query_26.fasta -clw -out /opt/job/query/query/query_26.aln
Exit value: 0
**********write**********
Command: /usr/bin/muscle -in /opt/job/query/query/query_27.fasta -clw -out /opt/job/query/query/query_27.aln
Exit value: 0
**********write**********
Command: /usr/bin/muscle -in /opt/job/query/query/query_28.fasta -clw -out /opt/job/query/query/query_28.aln
Exit value: 0
**********write**********
Command: /usr/bin/muscle -in /opt/job/query/query/query_29.fasta -clw -out /opt/job/query/query/query_29.aln
Exit value: 0
**********write**********
Command: /usr/bin/muscle -in /opt/job/query/query/query_30.fasta -clw -out /opt/job/query/query/query_30.aln
Exit value: 0
**********write**********
Command: /usr/bin/muscle -in /opt/job/query/query/query_31.fasta -clw -out /opt/job/query/query/query_31.aln
Exit value: 0
**********write**********
Command: /usr/bin/muscle -in /opt/job/query/query/query_32.fasta -clw -out /opt/job/query/query/query_32.aln
Exit value: 0
**********write**********
Command: /usr/bin/muscle -in /opt/job/query/query/query_33.fasta -clw -out /opt/job/query/query/query_33.aln
Exit value: 0
**********write**********
Command: /usr/bin/muscle -in /opt/job/query/query/query_34.fasta -clw -out /opt/job/query/query/query_34.aln
Exit value: 0
**********write**********
Command: /usr/bin/muscle -in /opt/job/query/query/query_35.fasta -clw -out /opt/job/query/query/query_35.aln
Exit value: 0


***** End JET analysis ******
***** JET analysis ******
Alignment file:/opt/job/query/query/query_A.fasta
Analysis of sequence: A
format ok
Selected 1331 sequences before filtering
Filtering sequences (Iteration 1):
  -Identity: Removed 0 seqs
  -Redundancy: Removed 0 seqs
  -Similar names: Removed 0 seqs
  -Gaps: Removed 0 seqs
  -Length: Removed 0 seqs
  -EValue: Removed 0 seqs
  -CPU Load: Removed 0 seqs
Selected 1331 after filtering
Filtering sequences (Iteration 2):
  -Identity: Removed 0 seqs
  -Redundancy: Removed 0 seqs
  -Similar names: Removed 0 seqs
  -Gaps: Removed 0 seqs
  -Length: Removed 0 seqs
  -EValue: Removed 0 seqs
  -CPU Load: Removed 0 seqs
Selected 1331 after filtering
Nb alignments:36 Nb sequences:36
Final iterated blast partition:0 3 664 664
proportion=0.5
selected partition: 0 1 18 17
**********write**********
Command: /usr/bin/muscle -in /opt/job/query/query/query_0.fasta -clw -out /opt/job/query/query/query_0.aln
Exit value: 0
**********write**********
Command: /usr/bin/muscle -in /opt/job/query/query/query_1.fasta -clw -out /opt/job/query/query/query_1.aln
Exit value: 0
**********write**********
Command: /usr/bin/muscle -in /opt/job/query/query/query_2.fasta -clw -out /opt/job/query/query/query_2.aln
Exit value: 0
**********write**********
Command: /usr/bin/muscle -in /opt/job/query/query/query_3.fasta -clw -out /opt/job/query/query/query_3.aln
Exit value: 0
**********write**********
Command: /usr/bin/muscle -in /opt/job/query/query/query_4.fasta -clw -out /opt/job/query/query/query_4.aln
Exit value: 0
**********write**********
Command: /usr/bin/muscle -in /opt/job/query/query/query_5.fasta -clw -out /opt/job/query/query/query_5.aln
Exit value: 0
**********write**********
Command: /usr/bin/muscle -in /opt/job/query/query/query_6.fasta -clw -out /opt/job/query/query/query_6.aln
Exit value: 0
**********write**********
Command: /usr/bin/muscle -in /opt/job/query/query/query_7.fasta -clw -out /opt/job/query/query/query_7.aln
Exit value: 0
**********write**********
Command: /usr/bin/muscle -in /opt/job/query/query/query_8.fasta -clw -out /opt/job/query/query/query_8.aln
Exit value: 0
**********write**********
Command: /usr/bin/muscle -in /opt/job/query/query/query_9.fasta -clw -out /opt/job/query/query/query_9.aln
Exit value: 0
**********write**********
Command: /usr/bin/muscle -in /opt/job/query/query/query_10.fasta -clw -out /opt/job/query/query/query_10.aln
Exit value: 0
**********write**********
Command: /usr/bin/muscle -in /opt/job/query/query/query_11.fasta -clw -out /opt/job/query/query/query_11.aln
Exit value: 0
**********write**********
Command: /usr/bin/muscle -in /opt/job/query/query/query_12.fasta -clw -out /opt/job/query/query/query_12.aln
Exit value: 0
**********write**********
Command: /usr/bin/muscle -in /opt/job/query/query/query_13.fasta -clw -out /opt/job/query/query/query_13.aln
Exit value: 0
**********write**********
Command: /usr/bin/muscle -in /opt/job/query/query/query_14.fasta -clw -out /opt/job/query/query/query_14.aln
Exit value: 0
**********write**********
Command: /usr/bin/muscle -in /opt/job/query/query/query_15.fasta -clw -out /opt/job/query/query/query_15.aln
Exit value: 0
**********write**********
Command: /usr/bin/muscle -in /opt/job/query/query/query_16.fasta -clw -out /opt/job/query/query/query_16.aln
Exit value: 0
**********write**********
Command: /usr/bin/muscle -in /opt/job/query/query/query_17.fasta -clw -out /opt/job/query/query/query_17.aln
Exit value: 0
**********write**********
Command: /usr/bin/muscle -in /opt/job/query/query/query_18.fasta -clw -out /opt/job/query/query/query_18.aln
Exit value: 0
**********write**********
Command: /usr/bin/muscle -in /opt/job/query/query/query_19.fasta -clw -out /opt/job/query/query/query_19.aln
Exit value: 0
**********write**********
Command: /usr/bin/muscle -in /opt/job/query/query/query_20.fasta -clw -out /opt/job/query/query/query_20.aln
Exit value: 0
**********write**********
Command: /usr/bin/muscle -in /opt/job/query/query/query_21.fasta -clw -out /opt/job/query/query/query_21.aln
Exit value: 0
**********write**********
Command: /usr/bin/muscle -in /opt/job/query/query/query_22.fasta -clw -out /opt/job/query/query/query_22.aln
Exit value: 0
**********write**********
Command: /usr/bin/muscle -in /opt/job/query/query/query_23.fasta -clw -out /opt/job/query/query/query_23.aln
Exit value: 0
**********write**********
Command: /usr/bin/muscle -in /opt/job/query/query/query_24.fasta -clw -out /opt/job/query/query/query_24.aln
Exit value: 0
**********write**********
Command: /usr/bin/muscle -in /opt/job/query/query/query_25.fasta -clw -out /opt/job/query/query/query_25.aln
Exit value: 0
**********write**********
Command: /usr/bin/muscle -in /opt/job/query/query/query_26.fasta -clw -out /opt/job/query/query/query_26.aln
Exit value: 0
**********write**********
Command: /usr/bin/muscle -in /opt/job/query/query/query_27.fasta -clw -out /opt/job/query/query/query_27.aln
Exit value: 0
**********write**********
Command: /usr/bin/muscle -in /opt/job/query/query/query_28.fasta -clw -out /opt/job/query/query/query_28.aln
Exit value: 0
**********write**********
Command: /usr/bin/muscle -in /opt/job/query/query/query_29.fasta -clw -out /opt/job/query/query/query_29.aln
Exit value: 0
**********write**********
Command: /usr/bin/muscle -in /opt/job/query/query/query_30.fasta -clw -out /opt/job/query/query/query_30.aln
Exit value: 0
**********write**********
Command: /usr/bin/muscle -in /opt/job/query/query/query_31.fasta -clw -out /opt/job/query/query/query_31.aln
Exit value: 0
**********write**********
Command: /usr/bin/muscle -in /opt/job/query/query/query_32.fasta -clw -out /opt/job/query/query/query_32.aln
Exit value: 0
**********write**********
Command: /usr/bin/muscle -in /opt/job/query/query/query_33.fasta -clw -out /opt/job/query/query/query_33.aln
Exit value: 0
**********write**********
Command: /usr/bin/muscle -in /opt/job/query/query/query_34.fasta -clw -out /opt/job/query/query/query_34.aln
Exit value: 0
**********write**********
Command: /usr/bin/muscle -in /opt/job/query/query/query_35.fasta -clw -out /opt/job/query/query/query_35.aln
Exit value: 0


***** End JET analysis ******
***** JET analysis ******
Alignment file:/opt/job/query/query/query_A.fasta
Analysis of sequence: A
format ok
Selected 1331 sequences before filtering
Filtering sequences (Iteration 1):
  -Identity: Removed 0 seqs
  -Redundancy: Removed 0 seqs
  -Similar names: Removed 0 seqs
  -Gaps: Removed 0 seqs
  -Length: Removed 0 seqs
  -EValue: Removed 0 seqs
  -CPU Load: Removed 0 seqs
Selected 1331 after filtering
Filtering sequences (Iteration 2):
  -Identity: Removed 0 seqs
  -Redundancy: Removed 0 seqs
  -Similar names: Removed 0 seqs
  -Gaps: Removed 0 seqs
  -Length: Removed 0 seqs
  -EValue: Removed 0 seqs
  -CPU Load: Removed 0 seqs
Selected 1331 after filtering
Nb alignments:36 Nb sequences:36
Final iterated blast partition:0 3 664 664
proportion=0.5
selected partition: 0 1 18 17
**********write**********
Command: /usr/bin/muscle -in /opt/job/query/query/query_0.fasta -clw -out /opt/job/query/query/query_0.aln
Exit value: 0
**********write**********
Command: /usr/bin/muscle -in /opt/job/query/query/query_1.fasta -clw -out /opt/job/query/query/query_1.aln
Exit value: 0
**********write**********
Command: /usr/bin/muscle -in /opt/job/query/query/query_2.fasta -clw -out /opt/job/query/query/query_2.aln
Exit value: 0
**********write**********
Command: /usr/bin/muscle -in /opt/job/query/query/query_3.fasta -clw -out /opt/job/query/query/query_3.aln
Exit value: 0
**********write**********
Command: /usr/bin/muscle -in /opt/job/query/query/query_4.fasta -clw -out /opt/job/query/query/query_4.aln
Exit value: 0
**********write**********
Command: /usr/bin/muscle -in /opt/job/query/query/query_5.fasta -clw -out /opt/job/query/query/query_5.aln
Exit value: 0
**********write**********
Command: /usr/bin/muscle -in /opt/job/query/query/query_6.fasta -clw -out /opt/job/query/query/query_6.aln
Exit value: 0
**********write**********
Command: /usr/bin/muscle -in /opt/job/query/query/query_7.fasta -clw -out /opt/job/query/query/query_7.aln
Exit value: 0
**********write**********
Command: /usr/bin/muscle -in /opt/job/query/query/query_8.fasta -clw -out /opt/job/query/query/query_8.aln
Exit value: 0
**********write**********
Command: /usr/bin/muscle -in /opt/job/query/query/query_9.fasta -clw -out /opt/job/query/query/query_9.aln
Exit value: 0
**********write**********
Command: /usr/bin/muscle -in /opt/job/query/query/query_10.fasta -clw -out /opt/job/query/query/query_10.aln
Exit value: 0
**********write**********
Command: /usr/bin/muscle -in /opt/job/query/query/query_11.fasta -clw -out /opt/job/query/query/query_11.aln
Exit value: 0
**********write**********
Command: /usr/bin/muscle -in /opt/job/query/query/query_12.fasta -clw -out /opt/job/query/query/query_12.aln
Exit value: 0
**********write**********
Command: /usr/bin/muscle -in /opt/job/query/query/query_13.fasta -clw -out /opt/job/query/query/query_13.aln
Exit value: 0
**********write**********
Command: /usr/bin/muscle -in /opt/job/query/query/query_14.fasta -clw -out /opt/job/query/query/query_14.aln
Exit value: 0
**********write**********
Command: /usr/bin/muscle -in /opt/job/query/query/query_15.fasta -clw -out /opt/job/query/query/query_15.aln
Exit value: 0
**********write**********
Command: /usr/bin/muscle -in /opt/job/query/query/query_16.fasta -clw -out /opt/job/query/query/query_16.aln
Exit value: 0
**********write**********
Command: /usr/bin/muscle -in /opt/job/query/query/query_17.fasta -clw -out /opt/job/query/query/query_17.aln
Exit value: 0
**********write**********
Command: /usr/bin/muscle -in /opt/job/query/query/query_18.fasta -clw -out /opt/job/query/query/query_18.aln
Exit value: 0
**********write**********
Command: /usr/bin/muscle -in /opt/job/query/query/query_19.fasta -clw -out /opt/job/query/query/query_19.aln
Exit value: 0
**********write**********
Command: /usr/bin/muscle -in /opt/job/query/query/query_20.fasta -clw -out /opt/job/query/query/query_20.aln
Exit value: 0
**********write**********
Command: /usr/bin/muscle -in /opt/job/query/query/query_21.fasta -clw -out /opt/job/query/query/query_21.aln
Exit value: 0
**********write**********
Command: /usr/bin/muscle -in /opt/job/query/query/query_22.fasta -clw -out /opt/job/query/query/query_22.aln
Exit value: 0
**********write**********
Command: /usr/bin/muscle -in /opt/job/query/query/query_23.fasta -clw -out /opt/job/query/query/query_23.aln
Exit value: 0
**********write**********
Command: /usr/bin/muscle -in /opt/job/query/query/query_24.fasta -clw -out /opt/job/query/query/query_24.aln
Exit value: 0
**********write**********
Command: /usr/bin/muscle -in /opt/job/query/query/query_25.fasta -clw -out /opt/job/query/query/query_25.aln
Exit value: 0
**********write**********
Command: /usr/bin/muscle -in /opt/job/query/query/query_26.fasta -clw -out /opt/job/query/query/query_26.aln
Exit value: 0
**********write**********
Command: /usr/bin/muscle -in /opt/job/query/query/query_27.fasta -clw -out /opt/job/query/query/query_27.aln
Exit value: 0
**********write**********
Command: /usr/bin/muscle -in /opt/job/query/query/query_28.fasta -clw -out /opt/job/query/query/query_28.aln
Exit value: 0
**********write**********
Command: /usr/bin/muscle -in /opt/job/query/query/query_29.fasta -clw -out /opt/job/query/query/query_29.aln
Exit value: 0
**********write**********
Command: /usr/bin/muscle -in /opt/job/query/query/query_30.fasta -clw -out /opt/job/query/query/query_30.aln
Exit value: 0
**********write**********
Command: /usr/bin/muscle -in /opt/job/query/query/query_31.fasta -clw -out /opt/job/query/query/query_31.aln
Exit value: 0
**********write**********
Command: /usr/bin/muscle -in /opt/job/query/query/query_32.fasta -clw -out /opt/job/query/query/query_32.aln
Exit value: 0
**********write**********
Command: /usr/bin/muscle -in /opt/job/query/query/query_33.fasta -clw -out /opt/job/query/query/query_33.aln
Exit value: 0
**********write**********
Command: /usr/bin/muscle -in /opt/job/query/query/query_34.fasta -clw -out /opt/job/query/query/query_34.aln
Exit value: 0
**********write**********
Command: /usr/bin/muscle -in /opt/job/query/query/query_35.fasta -clw -out /opt/job/query/query/query_35.aln
Exit value: 0


***** End JET analysis ******
